// Jest Snapshot v1, https://goo.gl/fbAQLP

exports[`TaskDefinitionConstruct スナップショット TC-TASKDEF-28: CloudFormation テンプレートスナップショット確認 CloudFormation テンプレートがスナップショットと一致すること 1`] = `
{
  "Parameters": {
    "BootstrapVersion": {
      "Default": "/cdk-bootstrap/hnb659fds/version",
      "Description": "Version of the CDK Bootstrap resources in this environment, automatically retrieved from SSM Parameter Store. [cdk:skip]",
      "Type": "AWS::SSM::Parameter::Value<String>",
    },
  },
  "Resources": {
    "TestTaskDefTaskDefinitionDF5B9AF3": {
      "Properties": {
        "ContainerDefinitions": [
          {
            "Essential": true,
            "Image": {
              "Fn::Join": [
                "",
                [
                  "123456789012.dkr.ecr.ap-northeast-1.",
                  {
                    "Ref": "AWS::URLSuffix",
                  },
                  "/app-repository:latest",
                ],
              ],
            },
            "LogConfiguration": {
              "LogDriver": "awslogs",
              "Options": {
                "awslogs-group": "test-log-group",
                "awslogs-region": "ap-northeast-1",
                "awslogs-stream-prefix": "app",
              },
            },
            "Name": "app",
            "PortMappings": [
              {
                "ContainerPort": 3000,
                "Protocol": "tcp",
              },
            ],
          },
          {
            "Environment": [
              {
                "Name": "TARGET_HOST",
                "Value": "aurora.cluster-xxxxxxxxxxxx.ap-northeast-1.rds.amazonaws.com",
              },
              {
                "Name": "TARGET_PORT",
                "Value": "3306",
              },
              {
                "Name": "MODE",
                "Value": "proxy",
              },
            ],
            "Essential": false,
            "Image": {
              "Fn::Join": [
                "",
                [
                  "123456789012.dkr.ecr.ap-northeast-1.",
                  {
                    "Ref": "AWS::URLSuffix",
                  },
                  "/sidecar-repository:latest",
                ],
              ],
            },
            "LogConfiguration": {
              "LogDriver": "awslogs",
              "Options": {
                "awslogs-group": "test-log-group",
                "awslogs-region": "ap-northeast-1",
                "awslogs-stream-prefix": "sidecar",
              },
            },
            "Name": "sidecar",
          },
        ],
        "Cpu": "512",
        "ExecutionRoleArn": {
          "Fn::GetAtt": [
            "TestTaskDefTaskDefinitionExecutionRole4E1976F7",
            "Arn",
          ],
        },
        "Family": "TestStackTestTaskDefTaskDefinition129AEFDC",
        "Memory": "1024",
        "NetworkMode": "awsvpc",
        "RequiresCompatibilities": [
          "FARGATE",
        ],
        "TaskRoleArn": {
          "Fn::GetAtt": [
            "TestTaskDefTaskRoleC1077DC6",
            "Arn",
          ],
        },
      },
      "Type": "AWS::ECS::TaskDefinition",
    },
    "TestTaskDefTaskDefinitionExecutionRole4E1976F7": {
      "Properties": {
        "AssumeRolePolicyDocument": {
          "Statement": [
            {
              "Action": "sts:AssumeRole",
              "Effect": "Allow",
              "Principal": {
                "Service": "ecs-tasks.amazonaws.com",
              },
            },
          ],
          "Version": "2012-10-17",
        },
      },
      "Type": "AWS::IAM::Role",
    },
    "TestTaskDefTaskDefinitionExecutionRoleDefaultPolicy2F8BF487": {
      "Properties": {
        "PolicyDocument": {
          "Statement": [
            {
              "Action": [
                "ecr:BatchCheckLayerAvailability",
                "ecr:GetDownloadUrlForLayer",
                "ecr:BatchGetImage",
              ],
              "Effect": "Allow",
              "Resource": {
                "Fn::Join": [
                  "",
                  [
                    "arn:",
                    {
                      "Ref": "AWS::Partition",
                    },
                    ":ecr:ap-northeast-1:123456789012:repository/app-repository",
                  ],
                ],
              },
            },
            {
              "Action": "ecr:GetAuthorizationToken",
              "Effect": "Allow",
              "Resource": "*",
            },
            {
              "Action": [
                "logs:CreateLogStream",
                "logs:PutLogEvents",
              ],
              "Effect": "Allow",
              "Resource": {
                "Fn::Join": [
                  "",
                  [
                    "arn:",
                    {
                      "Ref": "AWS::Partition",
                    },
                    ":logs:ap-northeast-1:123456789012:log-group:test-log-group:*",
                  ],
                ],
              },
            },
            {
              "Action": [
                "ecr:BatchCheckLayerAvailability",
                "ecr:GetDownloadUrlForLayer",
                "ecr:BatchGetImage",
              ],
              "Effect": "Allow",
              "Resource": {
                "Fn::Join": [
                  "",
                  [
                    "arn:",
                    {
                      "Ref": "AWS::Partition",
                    },
                    ":ecr:ap-northeast-1:123456789012:repository/sidecar-repository",
                  ],
                ],
              },
            },
          ],
          "Version": "2012-10-17",
        },
        "PolicyName": "TestTaskDefTaskDefinitionExecutionRoleDefaultPolicy2F8BF487",
        "Roles": [
          {
            "Ref": "TestTaskDefTaskDefinitionExecutionRole4E1976F7",
          },
        ],
      },
      "Type": "AWS::IAM::Policy",
    },
    "TestTaskDefTaskRoleC1077DC6": {
      "Properties": {
        "AssumeRolePolicyDocument": {
          "Statement": [
            {
              "Action": "sts:AssumeRole",
              "Effect": "Allow",
              "Principal": {
                "Service": "ecs-tasks.amazonaws.com",
              },
            },
          ],
          "Version": "2012-10-17",
        },
        "Description": "Task Role for ECS Fargate Task Definition",
        "ManagedPolicyArns": [
          {
            "Fn::Join": [
              "",
              [
                "arn:",
                {
                  "Ref": "AWS::Partition",
                },
                ":iam::aws:policy/AmazonSSMManagedInstanceCore",
              ],
            ],
          },
        ],
      },
      "Type": "AWS::IAM::Role",
    },
  },
  "Rules": {
    "CheckBootstrapVersion": {
      "Assertions": [
        {
          "Assert": {
            "Fn::Not": [
              {
                "Fn::Contains": [
                  [
                    "1",
                    "2",
                    "3",
                    "4",
                    "5",
                  ],
                  {
                    "Ref": "BootstrapVersion",
                  },
                ],
              },
            ],
          },
          "AssertDescription": "CDK bootstrap stack version 6 required. Please run 'cdk bootstrap' with a recent version of the CDK CLI.",
        },
      ],
    },
  },
}
`;
